============================= test session starts =============================
platform win32 -- Python 3.11.0, pytest-9.0.1, pluggy-1.6.0 -- D:\Program Files\python.exe
cachedir: .pytest_cache
rootdir: D:\Predichain\SenseForge
plugins: anyio-4.11.0, langsmith-0.4.49
collecting ... collected 14 items

tests/test_security.py::TestInputValidation::test_valid_query PASSED     [  7%]
tests/test_security.py::TestInputValidation::test_query_sanitization FAILED [ 14%]
tests/test_security.py::TestInputValidation::test_dangerous_pattern_rejection PASSED [ 21%]
tests/test_security.py::TestInputValidation::test_proposal_id_format PASSED [ 28%]
tests/test_security.py::TestInputValidation::test_metadata_size_limit FAILED [ 35%]
tests/test_security.py::TestInputValidation::test_forbidden_metadata_keys PASSED [ 42%]
tests/test_security.py::TestRateLimiting::test_allows_within_limit FAILED [ 50%]
tests/test_security.py::TestRateLimiting::test_blocks_over_limit FAILED  [ 57%]
tests/test_security.py::TestAPIKeyValidation::test_valid_key PASSED      [ 64%]
tests/test_security.py::TestAPIKeyValidation::test_invalid_key PASSED    [ 71%]
tests/test_security.py::TestAPIKeyValidation::test_constant_time_comparison PASSED [ 78%]
tests/test_security.py::TestSecureResponses::test_success_response PASSED [ 85%]
tests/test_security.py::TestSecureResponses::test_error_response_hides_details PASSED [ 92%]
tests/test_security.py::TestSecureResponses::test_error_response_shows_details_in_dev PASSED [100%]

================================== FAILURES ===================================
_________________ TestInputValidation.test_query_sanitization _________________

self = <test_security.TestInputValidation object at 0x000002C99085FB10>

    def test_query_sanitization(self):
        """Test HTML escaping"""
>       request = QueryRequest(query="Test <script>alert('xss')</script>")
                  ^^^^^^^^^^^^^^^^^^^^^^^^^^^^^^^^^^^^^^^^^^^^^^^^^^^^^^^^
E       pydantic_core._pydantic_core.ValidationError: 1 validation error for QueryRequest
E       query
E         Value error, Input contains forbidden pattern. Query rejected for security. [type=value_error, input_value="Test <script>alert('xss')</script>", input_type=str]
E           For further information visit https://errors.pydantic.dev/2.12/v/value_error

tests\test_security.py:28: ValidationError
________________ TestInputValidation.test_metadata_size_limit _________________

self = <test_security.TestInputValidation object at 0x000002C990880E50>

    def test_metadata_size_limit(self):
        """Test metadata size limits"""
        large_metadata = {"key": "x" * 20000}
    
        with pytest.raises(ValueError, match="size exceeds limit"):
>           QueryRequest(query="test", metadata=large_metadata)
E           pydantic_core._pydantic_core.ValidationError: 1 validation error for QueryRequest
E           metadata
E             Value error, Input exceeds maximum length of 1000 [type=value_error, input_value={'key': 'xxxxxxxxxxxxxxxx...xxxxxxxxxxxxxxxxxxxxxx'}, input_type=dict]
E               For further information visit https://errors.pydantic.dev/2.12/v/value_error

tests\test_security.py:55: ValidationError

During handling of the above exception, another exception occurred:

self = <test_security.TestInputValidation object at 0x000002C990880E50>

    def test_metadata_size_limit(self):
        """Test metadata size limits"""
        large_metadata = {"key": "x" * 20000}
    
>       with pytest.raises(ValueError, match="size exceeds limit"):
E       AssertionError: Regex pattern did not match.
E         Expected regex: 'size exceeds limit'
E         Actual message: "1 validation error for QueryRequest\nmetadata\n  Value error, Input exceeds maximum length of 1000 [type=value_error, input_value={'key': 'xxxxxxxxxxxxxxxx...xxxxxxxxxxxxxxxxxxxxxx'}, input_type=dict]\n    For further information visit https://errors.pydantic.dev/2.12/v/value_error"

tests\test_security.py:54: AssertionError
__________________ TestRateLimiting.test_allows_within_limit __________________
async def functions are not natively supported.
You need to install a suitable plugin for your async framework, for example:
  - anyio
  - pytest-asyncio
  - pytest-tornasync
  - pytest-trio
  - pytest-twisted
___________________ TestRateLimiting.test_blocks_over_limit ___________________
async def functions are not natively supported.
You need to install a suitable plugin for your async framework, for example:
  - anyio
  - pytest-asyncio
  - pytest-tornasync
  - pytest-trio
  - pytest-twisted
============================== warnings summary ===============================
security\validation.py:204
  D:\Predichain\SenseForge\security\validation.py:204: PydanticDeprecatedSince20: Pydantic V1 style `@validator` validators are deprecated. You should migrate to Pydantic V2 style `@field_validator` validators, see the migration guide for more details. Deprecated in Pydantic V2.0 to be removed in V3.0. See Pydantic V2 Migration Guide at https://errors.pydantic.dev/2.12/migration/
    @validator('query')

security\validation.py:209
  D:\Predichain\SenseForge\security\validation.py:209: PydanticDeprecatedSince20: Pydantic V1 style `@validator` validators are deprecated. You should migrate to Pydantic V2 style `@field_validator` validators, see the migration guide for more details. Deprecated in Pydantic V2.0 to be removed in V3.0. See Pydantic V2 Migration Guide at https://errors.pydantic.dev/2.12/migration/
    @validator('proposal_id')

security\validation.py:222
  D:\Predichain\SenseForge\security\validation.py:222: PydanticDeprecatedSince20: Pydantic V1 style `@validator` validators are deprecated. You should migrate to Pydantic V2 style `@field_validator` validators, see the migration guide for more details. Deprecated in Pydantic V2.0 to be removed in V3.0. See Pydantic V2 Migration Guide at https://errors.pydantic.dev/2.12/migration/
    @validator('context')

security\validation.py:229
  D:\Predichain\SenseForge\security\validation.py:229: PydanticDeprecatedSince20: Pydantic V1 style `@validator` validators are deprecated. You should migrate to Pydantic V2 style `@field_validator` validators, see the migration guide for more details. Deprecated in Pydantic V2.0 to be removed in V3.0. See Pydantic V2 Migration Guide at https://errors.pydantic.dev/2.12/migration/
    @validator('metadata')

security\validation.py:195
  D:\Predichain\SenseForge\security\validation.py:195: PydanticDeprecatedSince20: Support for class-based `config` is deprecated, use ConfigDict instead. Deprecated in Pydantic V2.0 to be removed in V3.0. See Pydantic V2 Migration Guide at https://errors.pydantic.dev/2.12/migration/
    class QueryRequest(BaseModel):

tests\test_security.py:65
  D:\Predichain\SenseForge\tests\test_security.py:65: PytestUnknownMarkWarning: Unknown pytest.mark.asyncio - is this a typo?  You can register custom marks to avoid this warning - for details, see https://docs.pytest.org/en/stable/how-to/mark.html
    @pytest.mark.asyncio

tests\test_security.py:75
  D:\Predichain\SenseForge\tests\test_security.py:75: PytestUnknownMarkWarning: Unknown pytest.mark.asyncio - is this a typo?  You can register custom marks to avoid this warning - for details, see https://docs.pytest.org/en/stable/how-to/mark.html
    @pytest.mark.asyncio

-- Docs: https://docs.pytest.org/en/stable/how-to/capture-warnings.html
=========================== short test summary info ===========================
FAILED tests/test_security.py::TestInputValidation::test_query_sanitization
FAILED tests/test_security.py::TestInputValidation::test_metadata_size_limit
FAILED tests/test_security.py::TestRateLimiting::test_allows_within_limit - F...
FAILED tests/test_security.py::TestRateLimiting::test_blocks_over_limit - Fai...
================== 4 failed, 10 passed, 7 warnings in 0.55s ===================
